// Jest Snapshot v1, https://goo.gl/fbAQLP

exports[`renders correctly 1`] = `
<div
  className="sc-bdVaJa iHiHrL"
>
  <div
    className="sc-bwzfXH fpBhud"
  >
    <a
      className="sc-bxivhb biJCZK"
      color="white"
      href="https://github.com/reyanshmishra"
      rel="noopener noreferrer"
      target="_blank"
    >
      <svg
        fill="currentColor"
        height={30}
        preserveAspectRatio="xMidYMid meet"
        style={
          Object {
            "color": undefined,
            "verticalAlign": "middle",
          }
        }
        viewBox="0 0 40 40"
        width={30}
      >
        <g>
          <path
            d="m14.6 26.8q0.1-0.1-0.1-0.3-0.2-0.2-0.3 0-0.1 0.1 0.1 0.2 0.2 0.2 0.3 0.1z m-0.6-0.9q-0.2-0.2-0.3-0.1-0.1 0.1 0 0.3 0.1 0.1 0.3 0.1 0.1-0.1 0-0.3z m-1-0.9q0.1-0.1-0.1-0.2-0.1 0-0.1 0-0.1 0.2 0 0.2 0.2 0.1 0.2 0z m0.5 0.5q0.1 0 0-0.1t0-0.1q-0.2-0.2-0.3-0.1t0.1 0.3q0.1 0.1 0.2 0z m1.9 1.7q0.1-0.2-0.2-0.3-0.2 0-0.3 0.1 0 0.2 0.2 0.3 0.2 0 0.3-0.1z m1 0q0-0.1-0.3-0.1-0.2 0-0.2 0.1t0.2 0.2 0.3-0.2z m0.8-0.1q0-0.2-0.2-0.1t-0.2 0.2q0 0.1 0.2 0.1t0.2-0.2z m14.4-7.1q0-4.7-3.4-8.1t-8.1-3.3-8 3.3-3.4 8.1q0 3.7 2.2 6.7t5.6 4.1q0.4 0.1 0.6-0.1t0.2-0.4q0-1.2 0-2.1-0.1 0-0.4 0t-0.8 0.1-1-0.1-1-0.5-0.7-0.9q-0.5-1.3-1.2-1.6-0.1-0.1-0.1-0.1l-0.2-0.2-0.2-0.2 0.1-0.2 0.5-0.1q0.1 0 0.3 0.1t0.7 0.3 0.7 0.8q0.4 0.7 0.8 1t1 0.3 0.9-0.1 0.6-0.2q0.2-1.1 0.8-1.6-1.1-0.1-1.9-0.4t-1.7-0.8-1.2-1.7-0.5-2.7q0-1.8 1.2-3.1-0.5-1.3 0.1-3 0.5-0.1 1.3 0.2t1.3 0.6l0.6 0.4q1.3-0.4 2.8-0.4t2.9 0.4q0.3-0.2 0.6-0.4t1.3-0.6 1.3-0.2q0.6 1.7 0.1 3 1.1 1.3 1.1 3.1 0 1.3-0.3 2.2t-0.8 1.6-1.2 1-1.3 0.6-1.6 0.2q0.8 0.7 0.8 2.2 0 0.9 0 2t0 1.1q0 0.3 0.2 0.4t0.6 0.1q3.4-1.1 5.6-4.1t2.2-6.7z m5.7-10.7v21.4q0 2.7-1.9 4.6t-4.5 1.8h-21.5q-2.6 0-4.5-1.8t-1.9-4.6v-21.4q0-2.7 1.9-4.6t4.5-1.8h21.5q2.6 0 4.5 1.8t1.9 4.6z"
          />
        </g>
      </svg>
    </a>
    <a
      className="sc-bxivhb biJCZK"
      color="white"
      href="https://www.linkedin.com/in/reyanshmishra"
      rel="noopener noreferrer"
      target="_blank"
    >
      <svg
        fill="currentColor"
        height={30}
        preserveAspectRatio="xMidYMid meet"
        style={
          Object {
            "color": undefined,
            "verticalAlign": "middle",
          }
        }
        viewBox="0 0 40 40"
        width={30}
      >
        <g>
          <path
            d="m8.3 31.6h5.1v-15.5h-5.1v15.5z m5.5-20.3q0-1.2-0.8-1.9t-2.1-0.8-2.1 0.8-0.8 1.9q0 1.1 0.8 1.9t2 0.8h0.1q1.3 0 2.1-0.8t0.8-1.9z m13 20.3h5.2v-8.9q0-3.5-1.6-5.2t-4.3-1.8q-3.1 0-4.7 2.6h0v-2.2h-5.1q0 1.4 0 15.5h5.1v-8.7q0-0.8 0.2-1.2 0.3-0.8 1-1.4t1.7-0.5q2.5 0 2.5 3.5v8.3z m10.5-22.3v21.4q0 2.7-1.9 4.6t-4.5 1.8h-21.5q-2.6 0-4.5-1.8t-1.9-4.6v-21.4q0-2.7 1.9-4.6t4.5-1.8h21.5q2.6 0 4.5 1.8t1.9 4.6z"
          />
        </g>
      </svg>
    </a>
    <a
      className="sc-bxivhb biJCZK"
      color="white"
      href="https://stackoverflow.com/story/reyansh"
      rel="noopener noreferrer"
      target="_blank"
    >
      <svg
        fill="currentColor"
        height={30}
        preserveAspectRatio="xMidYMid meet"
        style={
          Object {
            "color": undefined,
            "verticalAlign": "middle",
          }
        }
        viewBox="0 0 40 40"
        width={30}
      >
        <g>
          <path
            d="m31.8 36.4h-25v-10.7h-3.6v14.3h32.1v-14.3h-3.5v10.7z m-21.1-11.7l0.8-3.5 17.5 3.7-0.8 3.5z m2.3-8.3l1.5-3.3 16.2 7.6-1.5 3.2z m4.5-8l2.3-2.7 13.7 11.4-2.3 2.8z m8.9-8.4l10.6 14.3-2.8 2.2-10.7-14.4z m-16 32.8v-3.5h17.8v3.5h-17.8z"
          />
        </g>
      </svg>
    </a>
  </div>
  <div
    className="sc-htpNat ldiGLk"
    color="white"
  >
    copyright Â© 2017
  </div>
</div>
`;
